===== THRESHOLD=32 =====
LOAD_TIME=3.9009
ENCODING=hashtable
HGET_P50_NS=88557
HGET_P99_NS=383192
HGET_MEAN_NS=129003
USED_MEMORY=43522888
USED_MEMORY_RSS=59637760
USED_MEMORY_OVERHEAD=1169776
USED_MEMORY_DATASET=42353112
SAVE_TIME_TRIAL_1=.109407431
SAVE_TIME_TRIAL_2=.107453419
SAVE_TIME_TRIAL_3=.099450524
RDB_SIZE=11548989
===== THRESHOLD=64 =====
LOAD_TIME=3.8736
ENCODING=hashtable
HGET_P50_NS=266163
HGET_P99_NS=508747
HGET_MEAN_NS=297265
USED_MEMORY=43445176
USED_MEMORY_RSS=59506688
USED_MEMORY_OVERHEAD=1169776
USED_MEMORY_DATASET=42275400
SAVE_TIME_TRIAL_1=.100342139
SAVE_TIME_TRIAL_2=.099120558
SAVE_TIME_TRIAL_3=.100783219
RDB_SIZE=11548989
===== THRESHOLD=128 =====
LOAD_TIME=3.9358
ENCODING=ziplist
HGET_P50_NS=108108
HGET_P99_NS=580635
HGET_MEAN_NS=159067
USED_MEMORY=13963224
USED_MEMORY_RSS=17956864
USED_MEMORY_OVERHEAD=1169776
USED_MEMORY_DATASET=12793448
SAVE_TIME_TRIAL_1=.030200773
SAVE_TIME_TRIAL_2=.032665925
SAVE_TIME_TRIAL_3=.029033519
RDB_SIZE=4708989
===== THRESHOLD=256 =====
LOAD_TIME=4.2825
ENCODING=ziplist
HGET_P50_NS=100613
HGET_P99_NS=460485
HGET_MEAN_NS=160506
USED_MEMORY=13963240
USED_MEMORY_RSS=18087936
USED_MEMORY_OVERHEAD=1169776
USED_MEMORY_DATASET=12793464
SAVE_TIME_TRIAL_1=.045004318
SAVE_TIME_TRIAL_2=.037063872
SAVE_TIME_TRIAL_3=.035711105
RDB_SIZE=4708989
===== THRESHOLD=512 =====
LOAD_TIME=4.5805
ENCODING=ziplist
HGET_P50_NS=94421
HGET_P99_NS=514031
HGET_MEAN_NS=138947
USED_MEMORY=13963256
USED_MEMORY_RSS=17825792
USED_MEMORY_OVERHEAD=1169776
USED_MEMORY_DATASET=12793480
SAVE_TIME_TRIAL_1=.032486496
SAVE_TIME_TRIAL_2=.034735381
SAVE_TIME_TRIAL_3=.036246961
RDB_SIZE=4708989
