55952:C 14 May 2026 06:37:21.437 # oO0OoO0OoO0Oo Redis is starting oO0OoO0OoO0Oo
55952:C 14 May 2026 06:37:21.437 # Redis version=6.2.14, bits=64, commit=91863dd8, modified=1, pid=55952, just started
55952:C 14 May 2026 06:37:21.437 # Configuration loaded
55952:M 14 May 2026 06:37:21.437 * monotonic clock: POSIX clock_gettime
55952:M 14 May 2026 06:37:21.444 * Running mode=standalone, port=36337.
55952:M 14 May 2026 06:37:21.444 # Server initialized
55952:M 14 May 2026 06:37:21.445 # WARNING Memory overcommit must be enabled! Without it, a background save or replication may fail under low memory condition. Being disabled, it can can also cause failures without low memory condition, see https://github.com/jemalloc/jemalloc/issues/1328. To fix this issue add 'vm.overcommit_memory = 1' to /etc/sysctl.conf and then reboot or run the command 'sysctl vm.overcommit_memory=1' for this to take effect.
55952:M 14 May 2026 06:37:21.445 * Ready to accept connections
55952:M 14 May 2026 06:37:37.715 * Background saving started by pid 56030
56030:C 14 May 2026 06:37:55.370 * DB saved on disk
56030:C 14 May 2026 06:37:55.386 * RDB: 101 MB of memory used by copy-on-write
55952:M 14 May 2026 06:37:55.496 * Background saving terminated with success
55952:M 14 May 2026 06:37:55.512 # User requested shutdown...
55952:M 14 May 2026 06:37:55.512 # Redis is now ready to exit, bye bye...
59050:C 14 May 2026 06:51:57.986 # oO0OoO0OoO0Oo Redis is starting oO0OoO0OoO0Oo
59050:C 14 May 2026 06:51:57.986 # Redis version=6.2.14, bits=64, commit=91863dd8, modified=1, pid=59050, just started
59050:C 14 May 2026 06:51:57.986 # Configuration loaded
59050:M 14 May 2026 06:51:57.986 * monotonic clock: POSIX clock_gettime
59050:M 14 May 2026 06:51:57.986 * Running mode=standalone, port=48471.
59050:M 14 May 2026 06:51:57.986 # Server initialized
59050:M 14 May 2026 06:51:57.986 # WARNING Memory overcommit must be enabled! Without it, a background save or replication may fail under low memory condition. Being disabled, it can can also cause failures without low memory condition, see https://github.com/jemalloc/jemalloc/issues/1328. To fix this issue add 'vm.overcommit_memory = 1' to /etc/sysctl.conf and then reboot or run the command 'sysctl vm.overcommit_memory=1' for this to take effect.
59050:M 14 May 2026 06:51:57.987 * Ready to accept connections
59050:M 14 May 2026 06:52:14.065 * Background saving started by pid 59146
59146:C 14 May 2026 06:52:30.285 * DB saved on disk
59146:C 14 May 2026 06:52:30.298 * RDB: 101 MB of memory used by copy-on-write
59050:M 14 May 2026 06:52:30.407 * Background saving terminated with success
59050:M 14 May 2026 06:52:30.485 # User requested shutdown...
59050:M 14 May 2026 06:52:30.485 # Redis is now ready to exit, bye bye...
