55636:C 14 May 2026 06:36:02.522 # oO0OoO0OoO0Oo Redis is starting oO0OoO0OoO0Oo
55636:C 14 May 2026 06:36:02.522 # Redis version=6.2.14, bits=64, commit=91863dd8, modified=1, pid=55636, just started
55636:C 14 May 2026 06:36:02.522 # Configuration loaded
55636:M 14 May 2026 06:36:02.523 * monotonic clock: POSIX clock_gettime
55636:M 14 May 2026 06:36:02.524 * Running mode=standalone, port=43509.
55636:M 14 May 2026 06:36:02.524 # Server initialized
55636:M 14 May 2026 06:36:02.524 # WARNING Memory overcommit must be enabled! Without it, a background save or replication may fail under low memory condition. Being disabled, it can can also cause failures without low memory condition, see https://github.com/jemalloc/jemalloc/issues/1328. To fix this issue add 'vm.overcommit_memory = 1' to /etc/sysctl.conf and then reboot or run the command 'sysctl vm.overcommit_memory=1' for this to take effect.
55636:M 14 May 2026 06:36:02.524 * Ready to accept connections
55636:M 14 May 2026 06:36:19.281 * Background saving started by pid 55723
55723:C 14 May 2026 06:36:34.765 * DB saved on disk
55723:C 14 May 2026 06:36:34.778 * RDB: 32 MB of memory used by copy-on-write
55636:M 14 May 2026 06:36:34.859 * Background saving terminated with success
55636:M 14 May 2026 06:36:34.859 # User requested shutdown...
55636:M 14 May 2026 06:36:34.860 # Redis is now ready to exit, bye bye...
56199:C 14 May 2026 06:38:15.077 # oO0OoO0OoO0Oo Redis is starting oO0OoO0OoO0Oo
56199:C 14 May 2026 06:38:15.077 # Redis version=6.2.14, bits=64, commit=91863dd8, modified=1, pid=56199, just started
56199:C 14 May 2026 06:38:15.077 # Configuration loaded
56199:M 14 May 2026 06:38:15.077 * monotonic clock: POSIX clock_gettime
56199:M 14 May 2026 06:38:15.077 * Running mode=standalone, port=47281.
56199:M 14 May 2026 06:38:15.077 # Server initialized
56199:M 14 May 2026 06:38:15.077 # WARNING Memory overcommit must be enabled! Without it, a background save or replication may fail under low memory condition. Being disabled, it can can also cause failures without low memory condition, see https://github.com/jemalloc/jemalloc/issues/1328. To fix this issue add 'vm.overcommit_memory = 1' to /etc/sysctl.conf and then reboot or run the command 'sysctl vm.overcommit_memory=1' for this to take effect.
56199:M 14 May 2026 06:38:15.078 * Ready to accept connections
56199:M 14 May 2026 06:38:33.640 * Background saving started by pid 56293
56293:C 14 May 2026 06:38:53.347 * DB saved on disk
56293:C 14 May 2026 06:38:53.361 * RDB: 32 MB of memory used by copy-on-write
56199:M 14 May 2026 06:38:53.436 * Background saving terminated with success
56199:M 14 May 2026 06:38:53.566 # User requested shutdown...
56199:M 14 May 2026 06:38:53.566 # Redis is now ready to exit, bye bye...
