55794:C 14 May 2026 06:36:40.029 # oO0OoO0OoO0Oo Redis is starting oO0OoO0OoO0Oo
55794:C 14 May 2026 06:36:40.029 # Redis version=6.2.14, bits=64, commit=91863dd8, modified=1, pid=55794, just started
55794:C 14 May 2026 06:36:40.029 # Configuration loaded
55794:M 14 May 2026 06:36:40.029 * monotonic clock: POSIX clock_gettime
55794:M 14 May 2026 06:36:40.029 * Running mode=standalone, port=49247.
55794:M 14 May 2026 06:36:40.029 # Server initialized
55794:M 14 May 2026 06:36:40.029 # WARNING Memory overcommit must be enabled! Without it, a background save or replication may fail under low memory condition. Being disabled, it can can also cause failures without low memory condition, see https://github.com/jemalloc/jemalloc/issues/1328. To fix this issue add 'vm.overcommit_memory = 1' to /etc/sysctl.conf and then reboot or run the command 'sysctl vm.overcommit_memory=1' for this to take effect.
55794:M 14 May 2026 06:36:40.030 * Ready to accept connections
55794:M 14 May 2026 06:36:55.724 * Background saving started by pid 55869
55869:C 14 May 2026 06:37:12.231 * DB saved on disk
55869:C 14 May 2026 06:37:12.247 * RDB: 54 MB of memory used by copy-on-write
55794:M 14 May 2026 06:37:12.403 * Background saving terminated with success
55794:M 14 May 2026 06:37:12.498 # User requested shutdown...
55794:M 14 May 2026 06:37:12.498 # Redis is now ready to exit, bye bye...
57621:C 14 May 2026 06:45:07.334 # oO0OoO0OoO0Oo Redis is starting oO0OoO0OoO0Oo
57621:C 14 May 2026 06:45:07.334 # Redis version=6.2.14, bits=64, commit=91863dd8, modified=1, pid=57621, just started
57621:C 14 May 2026 06:45:07.334 # Configuration loaded
57621:M 14 May 2026 06:45:07.335 * monotonic clock: POSIX clock_gettime
57621:M 14 May 2026 06:45:07.335 * Running mode=standalone, port=41809.
57621:M 14 May 2026 06:45:07.335 # Server initialized
57621:M 14 May 2026 06:45:07.335 # WARNING Memory overcommit must be enabled! Without it, a background save or replication may fail under low memory condition. Being disabled, it can can also cause failures without low memory condition, see https://github.com/jemalloc/jemalloc/issues/1328. To fix this issue add 'vm.overcommit_memory = 1' to /etc/sysctl.conf and then reboot or run the command 'sysctl vm.overcommit_memory=1' for this to take effect.
57621:M 14 May 2026 06:45:07.335 * Ready to accept connections
57621:M 14 May 2026 06:45:26.363 * Background saving started by pid 57720
57720:C 14 May 2026 06:45:42.430 * DB saved on disk
57720:C 14 May 2026 06:45:42.443 * RDB: 54 MB of memory used by copy-on-write
57621:M 14 May 2026 06:45:42.507 * Background saving terminated with success
57621:M 14 May 2026 06:45:42.539 # User requested shutdown...
57621:M 14 May 2026 06:45:42.539 # Redis is now ready to exit, bye bye...
