[baseline] launched server, jobs pid=11
[baseline] server real pid = 11
total 16
drwxr-xr-x  2 tender-festive-rubin tender-festive-rubin 4096 Apr 25 16:32 .
drwxrwxrwt 23 nobody               nogroup              4096 Apr 25 16:32 ..
-rw-r--r--  1 tender-festive-rubin tender-festive-rubin    0 Apr 25 16:32 console.log
-rw-r--r--  1 tender-festive-rubin tender-festive-rubin   93 Apr 25 16:32 dump.rdb
-rw-r--r--  1 tender-festive-rubin tender-festive-rubin 1076 Apr 25 16:32 server.log
WRITER_LAST_WRITE_TS=1777134724.039
WRITER_TOTAL_WRITES=26337
[baseline] last_acked_key_in_memory=26336
[baseline] DBSIZE_BEFORE_KILL=26337
[baseline] KILL_AT=1777134724.069
environment: line 12:    11 Killed                  setsid $REDIS $CONF > $WD/console.log 2>&1
[baseline] confirmed dead
[baseline] post-kill files:
total 16
drwxr-xr-x  2 tender-festive-rubin tender-festive-rubin 4096 Apr 25 16:32 .
drwxrwxrwt 23 nobody               nogroup              4096 Apr 25 16:32 ..
-rw-r--r--  1 tender-festive-rubin tender-festive-rubin    0 Apr 25 16:32 console.log
-rw-r--r--  1 tender-festive-rubin tender-festive-rubin   93 Apr 25 16:32 dump.rdb
-rw-r--r--  1 tender-festive-rubin tender-festive-rubin 1076 Apr 25 16:32 server.log
  dump.rdb size=93 mtime=2026-04-25 16:32:00.827007776 +0000
[baseline] DBSIZE_AFTER_RESTART=0
[baseline] last_acked_key_after_restart=0
[baseline] DATA_LOSS_KEYS=26336
[baseline] startup events:
50:M 25 Apr 2026 16:32:04.600 * Loading RDB produced by version 6.2.14
50:M 25 Apr 2026 16:32:04.600 * DB loaded from disk: 0.000 seconds
