[modified] launched server, jobs pid=72
[modified] server real pid = 72
total 16
drwxr-xr-x  2 tender-festive-rubin tender-festive-rubin 4096 Apr 25 16:32 .
drwxrwxrwt 24 nobody               nogroup              4096 Apr 25 16:32 ..
-rw-r--r--  1 tender-festive-rubin tender-festive-rubin    0 Apr 25 16:32 appendonly.aof
-rw-r--r--  1 tender-festive-rubin tender-festive-rubin    0 Apr 25 16:32 console.log
-rw-r--r--  1 tender-festive-rubin tender-festive-rubin   93 Apr 25 16:32 dump.rdb
-rw-r--r--  1 tender-festive-rubin tender-festive-rubin 1076 Apr 25 16:32 server.log
WRITER_LAST_WRITE_TS=1777134729.182
WRITER_TOTAL_WRITES=12062
[modified] last_acked_key_in_memory=12061
[modified] DBSIZE_BEFORE_KILL=12062
[modified] KILL_AT=1777134729.217
environment: line 12:    72 Killed                  setsid $REDIS $CONF > $WD/console.log 2>&1
[modified] confirmed dead
[modified] post-kill files:
total 432
drwxr-xr-x  2 tender-festive-rubin tender-festive-rubin   4096 Apr 25 16:32 .
drwxrwxrwt 24 nobody               nogroup                4096 Apr 25 16:32 ..
-rw-r--r--  1 tender-festive-rubin tender-festive-rubin 424097 Apr 25 16:32 appendonly.aof
-rw-r--r--  1 tender-festive-rubin tender-festive-rubin      0 Apr 25 16:32 console.log
-rw-r--r--  1 tender-festive-rubin tender-festive-rubin     93 Apr 25 16:32 dump.rdb
-rw-r--r--  1 tender-festive-rubin tender-festive-rubin   1076 Apr 25 16:32 server.log
  dump.rdb size=93 mtime=2026-04-25 16:32:05.978008082 +0000
  appendonly.aof size=424097 mtime=2026-04-25 16:32:09.181008272 +0000
[modified] DBSIZE_AFTER_RESTART=12062
[modified] last_acked_key_after_restart=12061
[modified] DATA_LOSS_KEYS=0
[modified] startup events:
112:M 25 Apr 2026 16:32:09.759 * DB loaded from append only file: 0.014 seconds
