13778:C 14 May 2026 07:22:11.438 # oO0OoO0OoO0Oo Redis is starting oO0OoO0OoO0Oo
13778:C 14 May 2026 07:22:11.445 # Redis version=6.2.14, bits=64, commit=91863dd8, modified=1, pid=13778, just started
13778:C 14 May 2026 07:22:11.453 # Configuration loaded
13778:M 14 May 2026 07:22:11.469 * monotonic clock: POSIX clock_gettime
13778:M 14 May 2026 07:22:11.477 * Running mode=standalone, port=35279.
13778:M 14 May 2026 07:22:11.484 # Server initialized
13778:M 14 May 2026 07:22:11.491 * Ready to accept connections
13778:M 14 May 2026 07:22:22.020 * Background saving started by pid 13784
13784:C 14 May 2026 07:22:29.338 * DB saved on disk
13784:C 14 May 2026 07:22:29.350 * RDB: 0 MB of memory used by copy-on-write
13778:M 14 May 2026 07:22:29.375 * Background saving terminated with success
13778:M 14 May 2026 07:22:31.397 * Background saving started by pid 13785
13785:C 14 May 2026 07:22:38.547 * DB saved on disk
13785:C 14 May 2026 07:22:38.558 * RDB: 0 MB of memory used by copy-on-write
13778:M 14 May 2026 07:22:38.663 * Background saving terminated with success
13778:M 14 May 2026 07:22:40.691 * Background saving started by pid 13786
13786:C 14 May 2026 07:22:48.420 * DB saved on disk
13786:C 14 May 2026 07:22:48.441 * RDB: 0 MB of memory used by copy-on-write
13778:M 14 May 2026 07:22:48.559 * Background saving terminated with success
13778:M 14 May 2026 07:22:50.596 * Background saving started by pid 13787
13787:C 14 May 2026 07:22:58.121 * DB saved on disk
13787:C 14 May 2026 07:22:58.133 * RDB: 0 MB of memory used by copy-on-write
13778:M 14 May 2026 07:22:58.231 * Background saving terminated with success
13778:M 14 May 2026 07:23:00.272 * Background saving started by pid 13788
13788:C 14 May 2026 07:23:07.680 * DB saved on disk
13788:C 14 May 2026 07:23:07.690 * RDB: 0 MB of memory used by copy-on-write
13778:M 14 May 2026 07:23:07.797 * Background saving terminated with success
13778:M 14 May 2026 07:23:09.820 * Background saving started by pid 13789
13789:C 14 May 2026 07:23:17.542 * DB saved on disk
13789:C 14 May 2026 07:23:17.553 * RDB: 0 MB of memory used by copy-on-write
13778:M 14 May 2026 07:23:17.588 * Background saving terminated with success
13778:M 14 May 2026 07:23:19.612 * Background saving started by pid 13790
13790:C 14 May 2026 07:23:27.536 * DB saved on disk
13790:C 14 May 2026 07:23:27.548 * RDB: 0 MB of memory used by copy-on-write
13778:M 14 May 2026 07:23:27.568 * Background saving terminated with success
13778:M 14 May 2026 07:23:29.596 * Background saving started by pid 13791
13791:C 14 May 2026 07:23:37.156 * DB saved on disk
13791:C 14 May 2026 07:23:37.166 * RDB: 0 MB of memory used by copy-on-write
13778:M 14 May 2026 07:23:37.244 * Background saving terminated with success
13778:M 14 May 2026 07:23:39.271 * Background saving started by pid 13792
13792:C 14 May 2026 07:23:48.284 * DB saved on disk
13792:C 14 May 2026 07:23:48.296 * RDB: 0 MB of memory used by copy-on-write
13778:M 14 May 2026 07:23:48.346 * Background saving terminated with success
13778:M 14 May 2026 07:23:50.387 * Background saving started by pid 13803
13803:C 14 May 2026 07:24:00.564 * DB saved on disk
13803:C 14 May 2026 07:24:00.581 * RDB: 0 MB of memory used by copy-on-write
13778:M 14 May 2026 07:24:00.637 * Background saving terminated with success
13778:M 14 May 2026 07:24:02.659 * Background saving started by pid 13804
13804:C 14 May 2026 07:24:12.142 * DB saved on disk
13804:C 14 May 2026 07:24:12.154 * RDB: 0 MB of memory used by copy-on-write
13778:M 14 May 2026 07:24:12.215 * Background saving terminated with success
13778:M 14 May 2026 07:24:14.235 * Background saving started by pid 13805
13805:C 14 May 2026 07:24:22.273 * DB saved on disk
13805:C 14 May 2026 07:24:22.286 * RDB: 0 MB of memory used by copy-on-write
13778:M 14 May 2026 07:24:22.401 * Background saving terminated with success
13778:M 14 May 2026 07:24:24.428 * Background saving started by pid 13806
1377813806:signal-handler (:signal-handler (17787236731778723673) ) Received SIGINT scheduling shutdown...Received SIGINT scheduling shutdown...

13778:M 14 May 2026 07:24:33.284 # User requested shutdown...
13778:M 14 May 2026 07:24:33.303 # There is a child saving an .rdb. Killing it!
1380613778:M 14 May 2026 07:24:33.319 # Redis is now ready to exit, bye bye...
:signal-handler (1778723673) Received SIGUSR1 in child, exiting now.
