13605:C 14 May 2026 07:11:00.926 # oO0OoO0OoO0Oo Redis is starting oO0OoO0OoO0Oo
13605:C 14 May 2026 07:11:00.934 # Redis version=6.2.14, bits=64, commit=91863dd8, modified=1, pid=13605, just started
13605:C 14 May 2026 07:11:00.942 # Configuration loaded
13605:M 14 May 2026 07:11:00.949 * monotonic clock: POSIX clock_gettime
13605:M 14 May 2026 07:11:00.956 * Running mode=standalone, port=48347.
13605:M 14 May 2026 07:11:00.963 # Server initialized
13605:M 14 May 2026 07:11:00.970 * Loading RDB produced by version 6.2.14
13605:M 14 May 2026 07:11:00.978 * RDB age 1071 seconds
13605:M 14 May 2026 07:11:00.985 * RDB memory usage when created 1.13 Mb
13605:M 14 May 2026 07:11:00.993 # Wrong RDB checksum expected: (6bc6a491274e2ea8) but got (6b6da491274e2ea8). Aborting now.
13605:M 14 May 2026 07:11:01.000 # Internal error in RDB reading offset 0, function at rdb.c:2726 -> RDB CRC error
66829:C 14 May 2026 07:17:20.366 # oO0OoO0OoO0Oo Redis is starting oO0OoO0OoO0Oo
66829:C 14 May 2026 07:17:20.375 # Redis version=6.2.14, bits=64, commit=91863dd8, modified=1, pid=66829, just started
66829:C 14 May 2026 07:17:20.375 # Configuration loaded
66829:M 14 May 2026 07:17:20.376 * monotonic clock: POSIX clock_gettime
66829:M 14 May 2026 07:17:20.376 * Running mode=standalone, port=58983.
66829:M 14 May 2026 07:17:20.376 # Server initialized
66829:M 14 May 2026 07:17:20.376 # WARNING Memory overcommit must be enabled! Without it, a background save or replication may fail under low memory condition. Being disabled, it can can also cause failures without low memory condition, see https://github.com/jemalloc/jemalloc/issues/1328. To fix this issue add 'vm.overcommit_memory = 1' to /etc/sysctl.conf and then reboot or run the command 'sysctl vm.overcommit_memory=1' for this to take effect.
66829:M 14 May 2026 07:17:20.377 * Loading RDB produced by version 6.2.14
66829:M 14 May 2026 07:17:20.377 * RDB age 591 seconds
66829:M 14 May 2026 07:17:20.377 * RDB memory usage when created 1.13 Mb
66829:M 14 May 2026 07:17:20.379 # Wrong RDB checksum expected: (2d1c9debb9f32c76) but got (2d1cf2ebb9f32c76). Aborting now.
66829:M 14 May 2026 07:17:20.379 # Internal error in RDB reading offset 0, function at rdb.c:2726 -> RDB CRC error
