10841:C 14 May 2026 06:43:32.883 # oO0OoO0OoO0Oo Redis is starting oO0OoO0OoO0Oo
10841:C 14 May 2026 06:43:32.894 # Redis version=6.2.14, bits=64, commit=91863dd8, modified=1, pid=10841, just started
10841:C 14 May 2026 06:43:32.905 # Configuration loaded
10841:M 14 May 2026 06:43:32.912 * monotonic clock: POSIX clock_gettime
10841:M 14 May 2026 06:43:32.922 * Running mode=standalone, port=58951.
10841:M 14 May 2026 06:43:32.933 # Server initialized
10841:M 14 May 2026 06:43:32.944 # WARNING Memory overcommit must be enabled! Without it, a background save or replication may fail under low memory condition. Being disabled, it can can also cause failures without low memory condition, see https://github.com/jemalloc/jemalloc/issues/1328. To fix this issue add 'vm.overcommit_memory = 1' to /etc/sysctl.conf and then reboot or run the command 'sysctl vm.overcommit_memory=1' for this to take effect.
10841:M 14 May 2026 06:43:32.956 * Loading RDB produced by version 6.2.14
10841:M 14 May 2026 06:43:32.969 * RDB age 78 seconds
10841:M 14 May 2026 06:43:32.981 * RDB memory usage when created 1.13 Mb
10841:M 14 May 2026 06:43:32.995 # rdbLoadObject skipping empty key: 492
10841:M 14 May 2026 06:43:33.007 # rdbLoadObject skipping empty key: 
10841:M 14 May 2026 06:43:33.021 # Wrong RDB checksum expected: (16e495a368731bdc) but got (74202a4430bae285). Aborting now.
10841:M 14 May 2026 06:43:33.033 # Internal error in RDB reading offset 0, function at rdb.c:2726 -> RDB CRC error
13125:C 14 May 2026 07:00:59.063 # oO0OoO0OoO0Oo Redis is starting oO0OoO0OoO0Oo
13125:C 14 May 2026 07:00:59.074 # Redis version=6.2.14, bits=64, commit=91863dd8, modified=1, pid=13125, just started
13125:C 14 May 2026 07:00:59.083 # Configuration loaded
13125:M 14 May 2026 07:00:59.093 * monotonic clock: POSIX clock_gettime
13125:M 14 May 2026 07:00:59.103 * Running mode=standalone, port=43865.
13125:M 14 May 2026 07:00:59.112 # Server initialized
13125:M 14 May 2026 07:00:59.123 * Loading RDB produced by version 6.2.14
13125:M 14 May 2026 07:00:59.133 * RDB age 470 seconds
13125:M 14 May 2026 07:00:59.144 * RDB memory usage when created 1.13 Mb
13125:M 14 May 2026 07:00:59.156 # Wrong RDB checksum expected: (dcae8cf4eaa848bb) but got (6bc6a491274e2ea8). Aborting now.
13125:M 14 May 2026 07:00:59.165 # Internal error in RDB reading offset 0, function at rdb.c:2726 -> RDB CRC error
64594:C 14 May 2026 07:11:42.660 # oO0OoO0OoO0Oo Redis is starting oO0OoO0OoO0Oo
64594:C 14 May 2026 07:11:42.667 # Redis version=6.2.14, bits=64, commit=91863dd8, modified=1, pid=64594, just started
64594:C 14 May 2026 07:11:42.667 # Configuration loaded
64594:M 14 May 2026 07:11:42.668 * monotonic clock: POSIX clock_gettime
64594:M 14 May 2026 07:11:42.668 * Running mode=standalone, port=44129.
64594:M 14 May 2026 07:11:42.668 # Server initialized
64594:M 14 May 2026 07:11:42.668 # WARNING Memory overcommit must be enabled! Without it, a background save or replication may fail under low memory condition. Being disabled, it can can also cause failures without low memory condition, see https://github.com/jemalloc/jemalloc/issues/1328. To fix this issue add 'vm.overcommit_memory = 1' to /etc/sysctl.conf and then reboot or run the command 'sysctl vm.overcommit_memory=1' for this to take effect.
64594:M 14 May 2026 07:11:42.668 * Loading RDB produced by version 6.2.14
64594:M 14 May 2026 07:11:42.668 * RDB age 253 seconds
64594:M 14 May 2026 07:11:42.668 * RDB memory usage when created 1.13 Mb
64594:M 14 May 2026 07:11:42.668 # Internal error in RDB reading offset 0, function at rdb.c:2322 -> Unknown RDB encoding type 48
