12612:C 14 May 2026 06:44:09.400 # oO0OoO0OoO0Oo Redis is starting oO0OoO0OoO0Oo
12612:C 14 May 2026 06:44:09.410 # Redis version=6.2.14, bits=64, commit=91863dd8, modified=1, pid=12612, just started
12612:C 14 May 2026 06:44:09.418 # Configuration loaded
12612:M 14 May 2026 06:44:09.427 * monotonic clock: POSIX clock_gettime
12612:M 14 May 2026 06:44:09.437 * Running mode=standalone, port=46803.
12612:M 14 May 2026 06:44:09.446 # Server initialized
12612:M 14 May 2026 06:44:09.456 # WARNING Memory overcommit must be enabled! Without it, a background save or replication may fail under low memory condition. Being disabled, it can can also cause failures without low memory condition, see https://github.com/jemalloc/jemalloc/issues/1328. To fix this issue add 'vm.overcommit_memory = 1' to /etc/sysctl.conf and then reboot or run the command 'sysctl vm.overcommit_memory=1' for this to take effect.
12612:M 14 May 2026 06:44:09.466 * Loading RDB produced by version 6.2.14
12612:M 14 May 2026 06:44:09.478 * RDB age 115 seconds
12612:M 14 May 2026 06:44:09.490 * RDB memory usage when created 1.13 Mb
12612:M 14 May 2026 06:44:09.502 # Wrong RDB checksum expected: (1c564772f5f9c47f) but got (74202a4430bae285). Aborting now.
12612:M 14 May 2026 06:44:09.515 # Internal error in RDB reading offset 0, function at rdb.c:2726 -> RDB CRC error
13320:C 14 May 2026 07:05:42.191 # oO0OoO0OoO0Oo Redis is starting oO0OoO0OoO0Oo
13320:C 14 May 2026 07:05:42.200 # Redis version=6.2.14, bits=64, commit=91863dd8, modified=1, pid=13320, just started
13320:C 14 May 2026 07:05:42.211 # Configuration loaded
13320:M 14 May 2026 07:05:42.220 * monotonic clock: POSIX clock_gettime
13320:M 14 May 2026 07:05:42.229 * Running mode=standalone, port=42663.
13320:M 14 May 2026 07:05:42.238 # Server initialized
13320:M 14 May 2026 07:05:42.260 * Loading RDB produced by version 6.2.14
13320:M 14 May 2026 07:05:42.269 * RDB age 753 seconds
13320:M 14 May 2026 07:05:42.280 * RDB memory usage when created 1.13 Mb
13320:M 14 May 2026 07:05:42.289 # Wrong RDB checksum expected: (ee35cc5af36ae496) but got (6bc6a491274e2ea8). Aborting now.
13320:M 14 May 2026 07:05:42.299 # Internal error in RDB reading offset 0, function at rdb.c:2726 -> RDB CRC error
65529:C 14 May 2026 07:14:06.841 # oO0OoO0OoO0Oo Redis is starting oO0OoO0OoO0Oo
65529:C 14 May 2026 07:14:06.847 # Redis version=6.2.14, bits=64, commit=91863dd8, modified=1, pid=65529, just started
65529:C 14 May 2026 07:14:06.847 # Configuration loaded
65529:M 14 May 2026 07:14:06.848 * monotonic clock: POSIX clock_gettime
65529:M 14 May 2026 07:14:06.848 * Running mode=standalone, port=41505.
65529:M 14 May 2026 07:14:06.848 # Server initialized
65529:M 14 May 2026 07:14:06.848 # WARNING Memory overcommit must be enabled! Without it, a background save or replication may fail under low memory condition. Being disabled, it can can also cause failures without low memory condition, see https://github.com/jemalloc/jemalloc/issues/1328. To fix this issue add 'vm.overcommit_memory = 1' to /etc/sysctl.conf and then reboot or run the command 'sysctl vm.overcommit_memory=1' for this to take effect.
65529:M 14 May 2026 07:14:06.849 * Loading RDB produced by version 6.2.14
65529:M 14 May 2026 07:14:06.849 * RDB age 397 seconds
65529:M 14 May 2026 07:14:06.849 * RDB memory usage when created 1.13 Mb
65529:M 14 May 2026 07:14:06.852 # Wrong RDB checksum expected: (b5dd3e5d0799e623) but got (2d1c9debb9f32c76). Aborting now.
65529:M 14 May 2026 07:14:06.852 # Internal error in RDB reading offset 0, function at rdb.c:2726 -> RDB CRC error
