13360:C 14 May 2026 07:06:32.917 # oO0OoO0OoO0Oo Redis is starting oO0OoO0OoO0Oo
13360:C 14 May 2026 07:06:32.925 # Redis version=6.2.14, bits=64, commit=91863dd8, modified=1, pid=13360, just started
13360:C 14 May 2026 07:06:32.932 # Configuration loaded
13360:M 14 May 2026 07:06:32.939 * monotonic clock: POSIX clock_gettime
13360:M 14 May 2026 07:06:32.946 * Running mode=standalone, port=38903.
13360:M 14 May 2026 07:06:32.954 # Server initialized
13360:M 14 May 2026 07:06:32.961 * Loading RDB produced by version 6.2.14
13360:M 14 May 2026 07:06:32.969 * RDB age 803 seconds
13360:M 14 May 2026 07:06:32.975 * RDB memory usage when created 1.13 Mb
13360:M 14 May 2026 07:06:32.983 # Wrong RDB checksum expected: (2f995de6445a40e5) but got (6bc6a491274e2ea8). Aborting now.
13360:M 14 May 2026 07:06:32.991 # Internal error in RDB reading offset 0, function at rdb.c:2726 -> RDB CRC error
65927:C 14 May 2026 07:15:07.953 # oO0OoO0OoO0Oo Redis is starting oO0OoO0OoO0Oo
65927:C 14 May 2026 07:15:07.958 # Redis version=6.2.14, bits=64, commit=91863dd8, modified=1, pid=65927, just started
65927:C 14 May 2026 07:15:07.958 # Configuration loaded
65927:M 14 May 2026 07:15:07.959 * monotonic clock: POSIX clock_gettime
65927:M 14 May 2026 07:15:07.960 * Running mode=standalone, port=46699.
65927:M 14 May 2026 07:15:07.960 # Server initialized
65927:M 14 May 2026 07:15:07.960 # WARNING Memory overcommit must be enabled! Without it, a background save or replication may fail under low memory condition. Being disabled, it can can also cause failures without low memory condition, see https://github.com/jemalloc/jemalloc/issues/1328. To fix this issue add 'vm.overcommit_memory = 1' to /etc/sysctl.conf and then reboot or run the command 'sysctl vm.overcommit_memory=1' for this to take effect.
65927:M 14 May 2026 07:15:07.960 * Loading RDB produced by version 6.2.14
65927:M 14 May 2026 07:15:07.960 * RDB age 458 seconds
65927:M 14 May 2026 07:15:07.960 * RDB memory usage when created 1.13 Mb
65927:M 14 May 2026 07:15:07.962 # Wrong RDB checksum expected: (a79f4258240ed495) but got (2d1c9debb9f32c76). Aborting now.
65927:M 14 May 2026 07:15:07.962 # Internal error in RDB reading offset 0, function at rdb.c:2726 -> RDB CRC error
