13260:C 14 May 2026 07:04:01.496 # oO0OoO0OoO0Oo Redis is starting oO0OoO0OoO0Oo
13260:C 14 May 2026 07:04:01.505 # Redis version=6.2.14, bits=64, commit=91863dd8, modified=1, pid=13260, just started
13260:C 14 May 2026 07:04:01.513 # Configuration loaded
13260:M 14 May 2026 07:04:01.520 * monotonic clock: POSIX clock_gettime
13260:M 14 May 2026 07:04:01.527 * Running mode=standalone, port=34527.
13260:M 14 May 2026 07:04:01.536 # Server initialized
13260:M 14 May 2026 07:04:01.543 * Loading RDB produced by version 6.2.14
13260:M 14 May 2026 07:04:01.550 * RDB age 652 seconds
13260:M 14 May 2026 07:04:01.558 * RDB memory usage when created 1.13 Mb
13260:M 14 May 2026 07:04:01.565 # Wrong RDB checksum expected: (468c98b6def5ac6b) but got (6bc6a491274e2ea8). Aborting now.
13260:M 14 May 2026 07:04:01.574 # Internal error in RDB reading offset 0, function at rdb.c:2726 -> RDB CRC error
65437:C 14 May 2026 07:13:52.847 # oO0OoO0OoO0Oo Redis is starting oO0OoO0OoO0Oo
65437:C 14 May 2026 07:13:52.854 # Redis version=6.2.14, bits=64, commit=91863dd8, modified=1, pid=65437, just started
65437:C 14 May 2026 07:13:52.854 # Configuration loaded
65437:M 14 May 2026 07:13:52.855 * monotonic clock: POSIX clock_gettime
65437:M 14 May 2026 07:13:52.855 * Running mode=standalone, port=38071.
65437:M 14 May 2026 07:13:52.856 # Server initialized
65437:M 14 May 2026 07:13:52.856 # WARNING Memory overcommit must be enabled! Without it, a background save or replication may fail under low memory condition. Being disabled, it can can also cause failures without low memory condition, see https://github.com/jemalloc/jemalloc/issues/1328. To fix this issue add 'vm.overcommit_memory = 1' to /etc/sysctl.conf and then reboot or run the command 'sysctl vm.overcommit_memory=1' for this to take effect.
65437:M 14 May 2026 07:13:52.856 * Loading RDB produced by version 6.2.14
65437:M 14 May 2026 07:13:52.856 * RDB age 383 seconds
65437:M 14 May 2026 07:13:52.856 * RDB memory usage when created 1.13 Mb
65437:M 14 May 2026 07:13:52.859 # Wrong RDB checksum expected: (8c8f187577de545f) but got (2d1c9debb9f32c76). Aborting now.
65437:M 14 May 2026 07:13:52.859 # Internal error in RDB reading offset 0, function at rdb.c:2726 -> RDB CRC error
