[baseline] tail of dump.rdb (last 16 bytes hex):
01788ec7: 4c46 4c4d 4457 68ff f954 0002 87c8 2b9a  LFLMDWh..T....+.
[baseline] flipped byte at offset 12339051: 52 -> 55
[baseline] PING=Could not connect to Redis at 127.0.0.1:17001: Connection refused  DBSIZE=Could not connect to Redis at 127.0.0.1:17001: Connection refused
Could not connect to Redis at 127.0.0.1:17001: Connection refused
[baseline] server.log tail:
15:C 25 Apr 2026 16:21:06.126 # oO0OoO0OoO0Oo Redis is starting oO0OoO0OoO0Oo
15:C 25 Apr 2026 16:21:06.126 # Redis version=6.2.14, bits=64, commit=40305114, modified=0, pid=15, just started
15:C 25 Apr 2026 16:21:06.126 # Configuration loaded
15:M 25 Apr 2026 16:21:06.127 * monotonic clock: POSIX clock_gettime
15:M 25 Apr 2026 16:21:06.127 * Running mode=standalone, port=17001.
15:M 25 Apr 2026 16:21:06.127 # Server initialized
15:M 25 Apr 2026 16:21:06.127 # WARNING Memory overcommit must be enabled! Without it, a background save or replication may fail under low memory condition. To fix this issue add 'vm.overcommit_memory = 1' to /etc/sysctl.conf and then reboot or run the command 'sysctl vm.overcommit_memory=1' for this to take effect.
15:M 25 Apr 2026 16:21:06.128 * Loading RDB produced by version 6.2.14
15:M 25 Apr 2026 16:21:06.128 * RDB age 25 seconds
15:M 25 Apr 2026 16:21:06.128 * RDB memory usage when created 39.07 Mb
15:M 25 Apr 2026 16:21:06.254 # Wrong RDB checksum expected: (d242b02f31788bb2) but got (9a2bc887020054f9). Aborting now.
15:M 25 Apr 2026 16:21:06.254 # Internal error in RDB reading offset 23068637, function at rdb.c:2726 -> RDB CRC error
[baseline] console log tail:
[offset 0] Checking RDB file dump.rdb
[offset 27] AUX FIELD redis-ver = '6.2.14'
[offset 41] AUX FIELD redis-bits = '64'
[offset 53] AUX FIELD ctime = '1777134041'
[offset 68] AUX FIELD used-mem = '40962840'
[offset 84] AUX FIELD aof-preamble = '0'
[offset 86] Selecting DB ID 0
--- RDB ERROR DETECTED ---
[offset 24678103] RDB CRC error
[additional info] While doing: check-sum
[info] 200000 keys read
[info] 0 expires
[info] 0 already expired
===
